// Jest Snapshot v1, https://goo.gl/fbAQLP

exports[`TaskList renders properly 1`] = `ShallowWrapper {}`;
