// Jest Snapshot v1, https://goo.gl/fbAQLP

exports[`<Form /> renders properly 1`] = `ShallowWrapper {}`;

exports[`Form renders properly 1`] = `ShallowWrapper {}`;
