// Jest Snapshot v1, https://goo.gl/fbAQLP

exports[`Task renders properly 1`] = `ShallowWrapper {}`;
